{
  'JournalClient.read content test': [
    {
      _meta: {
        uuid: '[MASKED string]',
      },
      message: 'Hello #1',
      ts: '[MASKED string]',
    },
    {
      _meta: {
        uuid: '[MASKED string]',
      },
      message: 'Hello #2',
      ts: '[MASKED string]',
    },
    {
      _meta: {
        uuid: '[MASKED string]',
      },
      message: 'Hello #3',
      ts: '[MASKED string]',
    },
    {
      _meta: {
        uuid: '[MASKED string]',
      },
      message: 'Hello #4',
      ts: '[MASKED string]',
    },
    {
      _meta: {
        uuid: '[MASKED string]',
      },
      message: 'Hello #5',
      ts: '[MASKED string]',
    },
  ],
  'JournalClient.read test': [
    {
      status: 'OK',
      fragment: {
        journal: 'acmeCo/greetings/pivot=00',
        compressionCodec: 'GZIP',
      },
    },
    {
      status: 'OK',
      fragment: {},
    },
    {
      status: 'OK',
      fragment: {
        journal: 'acmeCo/greetings/pivot=00',
        compressionCodec: 'GZIP',
      },
    },
    {
      status: 'OK',
      fragment: {},
    },
  ],
}