{
  'JournalClient.read content test': [
    {
      _meta: {
        ack: true,
        uuid: '[MASKED string]',
      },
    },
    {
      _meta: {
        uuid: '[MASKED string]',
      },
      count: 1,
      message: 'Hello #1',
    },
    {
      _meta: {
        uuid: '[MASKED string]',
      },
      count: 2,
      message: 'Hello #2',
    },
    {
      _meta: {
        uuid: '[MASKED string]',
      },
      count: 3,
      message: 'Hello #3',
    },
    {
      _meta: {
        uuid: '[MASKED string]',
      },
      count: 4,
      message: 'Hello #4',
    },
    {
      _meta: {
        uuid: '[MASKED string]',
      },
      count: 5,
      message: 'Hello #5',
    },
    {
      _meta: {
        uuid: '[MASKED string]',
      },
      count: 6,
      message: 'Hello #6',
    },
    {
      _meta: {
        uuid: '[MASKED string]',
      },
      count: 7,
      message: 'Hello #7',
    },
    {
      _meta: {
        uuid: '[MASKED string]',
      },
      count: 8,
      message: 'Hello #8',
    },
    {
      _meta: {
        uuid: '[MASKED string]',
      },
      count: 9,
      message: 'Hello #9',
    },
  ],
  'JournalClient.read test': [
    {
      status: 'OK',
      fragment: {
        journal: 'acmeCo/greetings/pivot=00',
        compressionCodec: 'GZIP',
      },
    },
    {
      status: 'OK',
      fragment: {},
    },
    {
      status: 'OK',
      fragment: {
        journal: 'acmeCo/greetings/pivot=00',
        compressionCodec: 'GZIP',
      },
    },
    {
      status: 'OK',
      fragment: {},
    },
  ],
}